// Jest Snapshot v1, https://goo.gl/fbAQLP

exports[`Square Basic rendering 1`] = `
<div
  className="zoom"
  onClick={[Function]}
  onKeyPress={[Function]}
  tabIndex={0}
>
  <div
    className="square"
    onClick={[Function]}
    onKeyPress={[Function]}
    tabIndex={-1}
  >
    <div
      className="pawn white"
    />
  </div>
</div>
`;
