// Jest Snapshot v1, https://goo.gl/fbAQLP

exports[`Board Basic rendering 1`] = `
<div
  className="board_container"
>
  <div
    className="board"
  >
    <div
      className="row"
    >
      <div
        className="zoom"
        onClick={[Function]}
        onKeyPress={[Function]}
        tabIndex={0}
      >
        <div
          className="square"
          onClick={[Function]}
          onKeyPress={[Function]}
          tabIndex={-1}
        >
          <div
            className="pawn undefined"
          />
        </div>
      </div>
      <div
        className="zoom"
        onClick={[Function]}
        onKeyPress={[Function]}
        tabIndex={0}
      >
        <div
          className="square"
          onClick={[Function]}
          onKeyPress={[Function]}
          tabIndex={-1}
        >
          <div
            className="pawn undefined"
          />
        </div>
      </div>
      <div
        className="zoom"
        onClick={[Function]}
        onKeyPress={[Function]}
        tabIndex={0}
      >
        <div
          className="square"
          onClick={[Function]}
          onKeyPress={[Function]}
          tabIndex={-1}
        >
          <div
            className="pawn undefined"
          />
        </div>
      </div>
      <div
        className="zoom"
        onClick={[Function]}
        onKeyPress={[Function]}
        tabIndex={0}
      >
        <div
          className="square"
          onClick={[Function]}
          onKeyPress={[Function]}
          tabIndex={-1}
        >
          <div
            className="pawn undefined"
          />
        </div>
      </div>
      <div
        className="zoom"
        onClick={[Function]}
        onKeyPress={[Function]}
        tabIndex={0}
      >
        <div
          className="square"
          onClick={[Function]}
          onKeyPress={[Function]}
          tabIndex={-1}
        >
          <div
            className="pawn undefined"
          />
        </div>
      </div>
      <div
        className="zoom"
        onClick={[Function]}
        onKeyPress={[Function]}
        tabIndex={0}
      >
        <div
          className="square"
          onClick={[Function]}
          onKeyPress={[Function]}
          tabIndex={-1}
        >
          <div
            className="pawn undefined"
          />
        </div>
      </div>
      <div
        className="zoom"
        onClick={[Function]}
        onKeyPress={[Function]}
        tabIndex={0}
      >
        <div
          className="square"
          onClick={[Function]}
          onKeyPress={[Function]}
          tabIndex={-1}
        >
          <div
            className="pawn undefined"
          />
        </div>
      </div>
      <div
        className="zoom"
        onClick={[Function]}
        onKeyPress={[Function]}
        tabIndex={0}
      >
        <div
          className="square"
          onClick={[Function]}
          onKeyPress={[Function]}
          tabIndex={-1}
        >
          <div
            className="pawn undefined"
          />
        </div>
      </div>
    </div>
    <div
      className="row"
    >
      <div
        className="zoom"
        onClick={[Function]}
        onKeyPress={[Function]}
        tabIndex={0}
      >
        <div
          className="square"
          onClick={[Function]}
          onKeyPress={[Function]}
          tabIndex={-1}
        >
          <div
            className="pawn undefined"
          />
        </div>
      </div>
      <div
        className="zoom"
        onClick={[Function]}
        onKeyPress={[Function]}
        tabIndex={0}
      >
        <div
          className="square"
          onClick={[Function]}
          onKeyPress={[Function]}
          tabIndex={-1}
        >
          <div
            className="pawn undefined"
          />
        </div>
      </div>
      <div
        className="zoom"
        onClick={[Function]}
        onKeyPress={[Function]}
        tabIndex={0}
      >
        <div
          className="square"
          onClick={[Function]}
          onKeyPress={[Function]}
          tabIndex={-1}
        >
          <div
            className="pawn undefined"
          />
        </div>
      </div>
      <div
        className="zoom"
        onClick={[Function]}
        onKeyPress={[Function]}
        tabIndex={0}
      >
        <div
          className="square"
          onClick={[Function]}
          onKeyPress={[Function]}
          tabIndex={-1}
        >
          <div
            className="pawn undefined"
          />
        </div>
      </div>
      <div
        className="zoom"
        onClick={[Function]}
        onKeyPress={[Function]}
        tabIndex={0}
      >
        <div
          className="square"
          onClick={[Function]}
          onKeyPress={[Function]}
          tabIndex={-1}
        >
          <div
            className="pawn undefined"
          />
        </div>
      </div>
      <div
        className="zoom"
        onClick={[Function]}
        onKeyPress={[Function]}
        tabIndex={0}
      >
        <div
          className="square"
          onClick={[Function]}
          onKeyPress={[Function]}
          tabIndex={-1}
        >
          <div
            className="pawn undefined"
          />
        </div>
      </div>
      <div
        className="zoom"
        onClick={[Function]}
        onKeyPress={[Function]}
        tabIndex={0}
      >
        <div
          className="square"
          onClick={[Function]}
          onKeyPress={[Function]}
          tabIndex={-1}
        >
          <div
            className="pawn undefined"
          />
        </div>
      </div>
      <div
        className="zoom"
        onClick={[Function]}
        onKeyPress={[Function]}
        tabIndex={0}
      >
        <div
          className="square"
          onClick={[Function]}
          onKeyPress={[Function]}
          tabIndex={-1}
        >
          <div
            className="pawn undefined"
          />
        </div>
      </div>
    </div>
    <div
      className="row"
    >
      <div
        className="zoom"
        onClick={[Function]}
        onKeyPress={[Function]}
        tabIndex={0}
      >
        <div
          className="square"
          onClick={[Function]}
          onKeyPress={[Function]}
          tabIndex={-1}
        >
          <div
            className="pawn undefined"
          />
        </div>
      </div>
      <div
        className="zoom"
        onClick={[Function]}
        onKeyPress={[Function]}
        tabIndex={0}
      >
        <div
          className="square"
          onClick={[Function]}
          onKeyPress={[Function]}
          tabIndex={-1}
        >
          <div
            className="pawn undefined"
          />
        </div>
      </div>
      <div
        className="zoom"
        onClick={[Function]}
        onKeyPress={[Function]}
        tabIndex={0}
      >
        <div
          className="square"
          onClick={[Function]}
          onKeyPress={[Function]}
          tabIndex={-1}
        >
          <div
            className="pawn undefined"
          />
        </div>
      </div>
      <div
        className="zoom"
        onClick={[Function]}
        onKeyPress={[Function]}
        tabIndex={0}
      >
        <div
          className="square"
          onClick={[Function]}
          onKeyPress={[Function]}
          tabIndex={-1}
        >
          <div
            className="pawn undefined"
          />
        </div>
      </div>
      <div
        className="zoom"
        onClick={[Function]}
        onKeyPress={[Function]}
        tabIndex={0}
      >
        <div
          className="square"
          onClick={[Function]}
          onKeyPress={[Function]}
          tabIndex={-1}
        >
          <div
            className="pawn undefined"
          />
        </div>
      </div>
      <div
        className="zoom"
        onClick={[Function]}
        onKeyPress={[Function]}
        tabIndex={0}
      >
        <div
          className="square"
          onClick={[Function]}
          onKeyPress={[Function]}
          tabIndex={-1}
        >
          <div
            className="pawn undefined"
          />
        </div>
      </div>
      <div
        className="zoom"
        onClick={[Function]}
        onKeyPress={[Function]}
        tabIndex={0}
      >
        <div
          className="square"
          onClick={[Function]}
          onKeyPress={[Function]}
          tabIndex={-1}
        >
          <div
            className="pawn undefined"
          />
        </div>
      </div>
      <div
        className="zoom"
        onClick={[Function]}
        onKeyPress={[Function]}
        tabIndex={0}
      >
        <div
          className="square"
          onClick={[Function]}
          onKeyPress={[Function]}
          tabIndex={-1}
        >
          <div
            className="pawn undefined"
          />
        </div>
      </div>
    </div>
    <div
      className="row"
    >
      <div
        className="zoom"
        onClick={[Function]}
        onKeyPress={[Function]}
        tabIndex={0}
      >
        <div
          className="square"
          onClick={[Function]}
          onKeyPress={[Function]}
          tabIndex={-1}
        >
          <div
            className="pawn undefined"
          />
        </div>
      </div>
      <div
        className="zoom"
        onClick={[Function]}
        onKeyPress={[Function]}
        tabIndex={0}
      >
        <div
          className="square"
          onClick={[Function]}
          onKeyPress={[Function]}
          tabIndex={-1}
        >
          <div
            className="pawn undefined"
          />
        </div>
      </div>
      <div
        className="zoom"
        onClick={[Function]}
        onKeyPress={[Function]}
        tabIndex={0}
      >
        <div
          className="square"
          onClick={[Function]}
          onKeyPress={[Function]}
          tabIndex={-1}
        >
          <div
            className="pawn undefined"
          />
        </div>
      </div>
      <div
        className="zoom"
        onClick={[Function]}
        onKeyPress={[Function]}
        tabIndex={0}
      >
        <div
          className="square"
          onClick={[Function]}
          onKeyPress={[Function]}
          tabIndex={-1}
        >
          <div
            className="pawn white"
          />
        </div>
      </div>
      <div
        className="zoom"
        onClick={[Function]}
        onKeyPress={[Function]}
        tabIndex={0}
      >
        <div
          className="square"
          onClick={[Function]}
          onKeyPress={[Function]}
          tabIndex={-1}
        >
          <div
            className="pawn black"
          />
        </div>
      </div>
      <div
        className="zoom"
        onClick={[Function]}
        onKeyPress={[Function]}
        tabIndex={0}
      >
        <div
          className="square"
          onClick={[Function]}
          onKeyPress={[Function]}
          tabIndex={-1}
        >
          <div
            className="pawn undefined"
          />
        </div>
      </div>
      <div
        className="zoom"
        onClick={[Function]}
        onKeyPress={[Function]}
        tabIndex={0}
      >
        <div
          className="square"
          onClick={[Function]}
          onKeyPress={[Function]}
          tabIndex={-1}
        >
          <div
            className="pawn undefined"
          />
        </div>
      </div>
      <div
        className="zoom"
        onClick={[Function]}
        onKeyPress={[Function]}
        tabIndex={0}
      >
        <div
          className="square"
          onClick={[Function]}
          onKeyPress={[Function]}
          tabIndex={-1}
        >
          <div
            className="pawn undefined"
          />
        </div>
      </div>
    </div>
    <div
      className="row"
    >
      <div
        className="zoom"
        onClick={[Function]}
        onKeyPress={[Function]}
        tabIndex={0}
      >
        <div
          className="square"
          onClick={[Function]}
          onKeyPress={[Function]}
          tabIndex={-1}
        >
          <div
            className="pawn undefined"
          />
        </div>
      </div>
      <div
        className="zoom"
        onClick={[Function]}
        onKeyPress={[Function]}
        tabIndex={0}
      >
        <div
          className="square"
          onClick={[Function]}
          onKeyPress={[Function]}
          tabIndex={-1}
        >
          <div
            className="pawn undefined"
          />
        </div>
      </div>
      <div
        className="zoom"
        onClick={[Function]}
        onKeyPress={[Function]}
        tabIndex={0}
      >
        <div
          className="square"
          onClick={[Function]}
          onKeyPress={[Function]}
          tabIndex={-1}
        >
          <div
            className="pawn undefined"
          />
        </div>
      </div>
      <div
        className="zoom"
        onClick={[Function]}
        onKeyPress={[Function]}
        tabIndex={0}
      >
        <div
          className="square"
          onClick={[Function]}
          onKeyPress={[Function]}
          tabIndex={-1}
        >
          <div
            className="pawn black"
          />
        </div>
      </div>
      <div
        className="zoom"
        onClick={[Function]}
        onKeyPress={[Function]}
        tabIndex={0}
      >
        <div
          className="square"
          onClick={[Function]}
          onKeyPress={[Function]}
          tabIndex={-1}
        >
          <div
            className="pawn white"
          />
        </div>
      </div>
      <div
        className="zoom"
        onClick={[Function]}
        onKeyPress={[Function]}
        tabIndex={0}
      >
        <div
          className="square"
          onClick={[Function]}
          onKeyPress={[Function]}
          tabIndex={-1}
        >
          <div
            className="pawn undefined"
          />
        </div>
      </div>
      <div
        className="zoom"
        onClick={[Function]}
        onKeyPress={[Function]}
        tabIndex={0}
      >
        <div
          className="square"
          onClick={[Function]}
          onKeyPress={[Function]}
          tabIndex={-1}
        >
          <div
            className="pawn undefined"
          />
        </div>
      </div>
      <div
        className="zoom"
        onClick={[Function]}
        onKeyPress={[Function]}
        tabIndex={0}
      >
        <div
          className="square"
          onClick={[Function]}
          onKeyPress={[Function]}
          tabIndex={-1}
        >
          <div
            className="pawn undefined"
          />
        </div>
      </div>
    </div>
    <div
      className="row"
    >
      <div
        className="zoom"
        onClick={[Function]}
        onKeyPress={[Function]}
        tabIndex={0}
      >
        <div
          className="square"
          onClick={[Function]}
          onKeyPress={[Function]}
          tabIndex={-1}
        >
          <div
            className="pawn undefined"
          />
        </div>
      </div>
      <div
        className="zoom"
        onClick={[Function]}
        onKeyPress={[Function]}
        tabIndex={0}
      >
        <div
          className="square"
          onClick={[Function]}
          onKeyPress={[Function]}
          tabIndex={-1}
        >
          <div
            className="pawn undefined"
          />
        </div>
      </div>
      <div
        className="zoom"
        onClick={[Function]}
        onKeyPress={[Function]}
        tabIndex={0}
      >
        <div
          className="square"
          onClick={[Function]}
          onKeyPress={[Function]}
          tabIndex={-1}
        >
          <div
            className="pawn undefined"
          />
        </div>
      </div>
      <div
        className="zoom"
        onClick={[Function]}
        onKeyPress={[Function]}
        tabIndex={0}
      >
        <div
          className="square"
          onClick={[Function]}
          onKeyPress={[Function]}
          tabIndex={-1}
        >
          <div
            className="pawn undefined"
          />
        </div>
      </div>
      <div
        className="zoom"
        onClick={[Function]}
        onKeyPress={[Function]}
        tabIndex={0}
      >
        <div
          className="square"
          onClick={[Function]}
          onKeyPress={[Function]}
          tabIndex={-1}
        >
          <div
            className="pawn undefined"
          />
        </div>
      </div>
      <div
        className="zoom"
        onClick={[Function]}
        onKeyPress={[Function]}
        tabIndex={0}
      >
        <div
          className="square"
          onClick={[Function]}
          onKeyPress={[Function]}
          tabIndex={-1}
        >
          <div
            className="pawn undefined"
          />
        </div>
      </div>
      <div
        className="zoom"
        onClick={[Function]}
        onKeyPress={[Function]}
        tabIndex={0}
      >
        <div
          className="square"
          onClick={[Function]}
          onKeyPress={[Function]}
          tabIndex={-1}
        >
          <div
            className="pawn undefined"
          />
        </div>
      </div>
      <div
        className="zoom"
        onClick={[Function]}
        onKeyPress={[Function]}
        tabIndex={0}
      >
        <div
          className="square"
          onClick={[Function]}
          onKeyPress={[Function]}
          tabIndex={-1}
        >
          <div
            className="pawn undefined"
          />
        </div>
      </div>
    </div>
    <div
      className="row"
    >
      <div
        className="zoom"
        onClick={[Function]}
        onKeyPress={[Function]}
        tabIndex={0}
      >
        <div
          className="square"
          onClick={[Function]}
          onKeyPress={[Function]}
          tabIndex={-1}
        >
          <div
            className="pawn undefined"
          />
        </div>
      </div>
      <div
        className="zoom"
        onClick={[Function]}
        onKeyPress={[Function]}
        tabIndex={0}
      >
        <div
          className="square"
          onClick={[Function]}
          onKeyPress={[Function]}
          tabIndex={-1}
        >
          <div
            className="pawn undefined"
          />
        </div>
      </div>
      <div
        className="zoom"
        onClick={[Function]}
        onKeyPress={[Function]}
        tabIndex={0}
      >
        <div
          className="square"
          onClick={[Function]}
          onKeyPress={[Function]}
          tabIndex={-1}
        >
          <div
            className="pawn undefined"
          />
        </div>
      </div>
      <div
        className="zoom"
        onClick={[Function]}
        onKeyPress={[Function]}
        tabIndex={0}
      >
        <div
          className="square"
          onClick={[Function]}
          onKeyPress={[Function]}
          tabIndex={-1}
        >
          <div
            className="pawn undefined"
          />
        </div>
      </div>
      <div
        className="zoom"
        onClick={[Function]}
        onKeyPress={[Function]}
        tabIndex={0}
      >
        <div
          className="square"
          onClick={[Function]}
          onKeyPress={[Function]}
          tabIndex={-1}
        >
          <div
            className="pawn undefined"
          />
        </div>
      </div>
      <div
        className="zoom"
        onClick={[Function]}
        onKeyPress={[Function]}
        tabIndex={0}
      >
        <div
          className="square"
          onClick={[Function]}
          onKeyPress={[Function]}
          tabIndex={-1}
        >
          <div
            className="pawn undefined"
          />
        </div>
      </div>
      <div
        className="zoom"
        onClick={[Function]}
        onKeyPress={[Function]}
        tabIndex={0}
      >
        <div
          className="square"
          onClick={[Function]}
          onKeyPress={[Function]}
          tabIndex={-1}
        >
          <div
            className="pawn undefined"
          />
        </div>
      </div>
      <div
        className="zoom"
        onClick={[Function]}
        onKeyPress={[Function]}
        tabIndex={0}
      >
        <div
          className="square"
          onClick={[Function]}
          onKeyPress={[Function]}
          tabIndex={-1}
        >
          <div
            className="pawn undefined"
          />
        </div>
      </div>
    </div>
    <div
      className="row"
    >
      <div
        className="zoom"
        onClick={[Function]}
        onKeyPress={[Function]}
        tabIndex={0}
      >
        <div
          className="square"
          onClick={[Function]}
          onKeyPress={[Function]}
          tabIndex={-1}
        >
          <div
            className="pawn undefined"
          />
        </div>
      </div>
      <div
        className="zoom"
        onClick={[Function]}
        onKeyPress={[Function]}
        tabIndex={0}
      >
        <div
          className="square"
          onClick={[Function]}
          onKeyPress={[Function]}
          tabIndex={-1}
        >
          <div
            className="pawn undefined"
          />
        </div>
      </div>
      <div
        className="zoom"
        onClick={[Function]}
        onKeyPress={[Function]}
        tabIndex={0}
      >
        <div
          className="square"
          onClick={[Function]}
          onKeyPress={[Function]}
          tabIndex={-1}
        >
          <div
            className="pawn undefined"
          />
        </div>
      </div>
      <div
        className="zoom"
        onClick={[Function]}
        onKeyPress={[Function]}
        tabIndex={0}
      >
        <div
          className="square"
          onClick={[Function]}
          onKeyPress={[Function]}
          tabIndex={-1}
        >
          <div
            className="pawn undefined"
          />
        </div>
      </div>
      <div
        className="zoom"
        onClick={[Function]}
        onKeyPress={[Function]}
        tabIndex={0}
      >
        <div
          className="square"
          onClick={[Function]}
          onKeyPress={[Function]}
          tabIndex={-1}
        >
          <div
            className="pawn undefined"
          />
        </div>
      </div>
      <div
        className="zoom"
        onClick={[Function]}
        onKeyPress={[Function]}
        tabIndex={0}
      >
        <div
          className="square"
          onClick={[Function]}
          onKeyPress={[Function]}
          tabIndex={-1}
        >
          <div
            className="pawn undefined"
          />
        </div>
      </div>
      <div
        className="zoom"
        onClick={[Function]}
        onKeyPress={[Function]}
        tabIndex={0}
      >
        <div
          className="square"
          onClick={[Function]}
          onKeyPress={[Function]}
          tabIndex={-1}
        >
          <div
            className="pawn undefined"
          />
        </div>
      </div>
      <div
        className="zoom"
        onClick={[Function]}
        onKeyPress={[Function]}
        tabIndex={0}
      >
        <div
          className="square"
          onClick={[Function]}
          onKeyPress={[Function]}
          tabIndex={-1}
        >
          <div
            className="pawn undefined"
          />
        </div>
      </div>
    </div>
  </div>
</div>
`;
