// Jest Snapshot v1, https://goo.gl/fbAQLP

exports[`Row Basic rendering 1`] = `
<div
  className="row"
>
  <div
    className="square"
    onClick={[Function]}
  >
    <div
      className="pawn undefined"
    />
  </div>
  <div
    className="square"
    onClick={[Function]}
  >
    <div
      className="pawn undefined"
    />
  </div>
  <div
    className="square"
    onClick={[Function]}
  >
    <div
      className="pawn undefined"
    />
  </div>
  <div
    className="square"
    onClick={[Function]}
  >
    <div
      className="pawn black"
    />
  </div>
  <div
    className="square"
    onClick={[Function]}
  >
    <div
      className="pawn white"
    />
  </div>
  <div
    className="square"
    onClick={[Function]}
  >
    <div
      className="pawn undefined"
    />
  </div>
  <div
    className="square"
    onClick={[Function]}
  >
    <div
      className="pawn undefined"
    />
  </div>
  <div
    className="square"
    onClick={[Function]}
  >
    <div
      className="pawn undefined"
    />
  </div>
</div>
`;
